[36mvite v7.3.1 [32mbuilding client environment for production...[36m[39m
transforming...
[32mΓ£ô[39m 43 modules transformed.
rendering chunks...
computing gzip size...
[2mdist/[22m[32mindex.html                 [39m[1m[2m  0.46 kB[22m[1m[22m[2m Γöé gzip:  0.29 kB[22m
[2mdist/[22m[35massets/index-CcLMrya8.css  [39m[1m[2m 13.88 kB[22m[1m[22m[2m Γöé gzip:  3.17 kB[22m
[2mdist/[22m[36massets/index-Cc14KO7f.js   [39m[1m[2m204.95 kB[22m[1m[22m[2m Γöé gzip: 64.33 kB[22m
[32mΓ£ô built in 4.92s[39m
